Archive member included because of file (symbol)

C:\Arduino\Growputer\build\/core_uno_16.a(HardwareSerial.cpp.o)
                              build\Growputer.o (Serial)
C:\Arduino\Growputer\build\/core_uno_16.a(main.cpp.o)
                              c:/codeblocks/bin/../lib/gcc/avr/4.3.3/../../../../avr/lib/avr5/crtm328p.o (main)
C:\Arduino\Growputer\build\/core_uno_16.a(new.cpp.o)
                              C:\Arduino\Growputer\build\/core_uno_16.a(HardwareSerial.cpp.o) (__cxa_pure_virtual)
C:\Arduino\Growputer\build\/core_uno_16.a(Print.cpp.o)
                              C:\Arduino\Growputer\build\/core_uno_16.a(HardwareSerial.cpp.o) (Print::write(unsigned char const*, unsigned int))
C:\Arduino\Growputer\build\/core_uno_16.a(wiring.c.o)
                              build\Growputer.o (delay)
C:\Arduino\Growputer\build\/core_uno_16.a(wiring_digital.c.o)
                              build\Growputer.o (pinMode)
C:\Arduino\Growputer\build\/core_uno_16.a(WString.cpp.o)
                              C:\Arduino\Growputer\build\/core_uno_16.a(Print.cpp.o) (String::operator[](unsigned int) const)
c:/codeblocks/bin/../lib/gcc/avr/4.3.3/../../../../avr/lib/avr5\libm.a(addsf3.o)
                              C:\Arduino\Growputer\build\/core_uno_16.a(Print.cpp.o) (__subsf3)
c:/codeblocks/bin/../lib/gcc/avr/4.3.3/../../../../avr/lib/avr5\libm.a(addsf3x.o)
                              c:/codeblocks/bin/../lib/gcc/avr/4.3.3/../../../../avr/lib/avr5\libm.a(addsf3.o) (__addsf3x)
c:/codeblocks/bin/../lib/gcc/avr/4.3.3/../../../../avr/lib/avr5\libm.a(cmpsf2.o)
                              C:\Arduino\Growputer\build\/core_uno_16.a(Print.cpp.o) (__ltsf2)
c:/codeblocks/bin/../lib/gcc/avr/4.3.3/../../../../avr/lib/avr5\libm.a(divsf3.o)
                              C:\Arduino\Growputer\build\/core_uno_16.a(Print.cpp.o) (__divsf3)
c:/codeblocks/bin/../lib/gcc/avr/4.3.3/../../../../avr/lib/avr5\libm.a(divsf3x.o)
                              c:/codeblocks/bin/../lib/gcc/avr/4.3.3/../../../../avr/lib/avr5\libm.a(divsf3.o) (__divsf3x)
c:/codeblocks/bin/../lib/gcc/avr/4.3.3/../../../../avr/lib/avr5\libm.a(fixsfsi.o)
                              C:\Arduino\Growputer\build\/core_uno_16.a(Print.cpp.o) (__fixsfsi)
c:/codeblocks/bin/../lib/gcc/avr/4.3.3/../../../../avr/lib/avr5\libm.a(fixunssfsi.o)
                              C:\Arduino\Growputer\build\/core_uno_16.a(Print.cpp.o) (__fixunssfsi)
c:/codeblocks/bin/../lib/gcc/avr/4.3.3/../../../../avr/lib/avr5\libm.a(floatsisf.o)
                              C:\Arduino\Growputer\build\/core_uno_16.a(Print.cpp.o) (__floatunsisf)
c:/codeblocks/bin/../lib/gcc/avr/4.3.3/../../../../avr/lib/avr5\libm.a(fp_cmp.o)
                              c:/codeblocks/bin/../lib/gcc/avr/4.3.3/../../../../avr/lib/avr5\libm.a(cmpsf2.o) (__fp_cmp)
c:/codeblocks/bin/../lib/gcc/avr/4.3.3/../../../../avr/lib/avr5\libm.a(fp_inf.o)
                              c:/codeblocks/bin/../lib/gcc/avr/4.3.3/../../../../avr/lib/avr5\libm.a(addsf3x.o) (__fp_inf)
c:/codeblocks/bin/../lib/gcc/avr/4.3.3/../../../../avr/lib/avr5\libm.a(fp_nan.o)
                              c:/codeblocks/bin/../lib/gcc/avr/4.3.3/../../../../avr/lib/avr5\libm.a(addsf3x.o) (__fp_nan)
c:/codeblocks/bin/../lib/gcc/avr/4.3.3/../../../../avr/lib/avr5\libm.a(fp_pscA.o)
                              c:/codeblocks/bin/../lib/gcc/avr/4.3.3/../../../../avr/lib/avr5\libm.a(addsf3x.o) (__fp_pscA)
c:/codeblocks/bin/../lib/gcc/avr/4.3.3/../../../../avr/lib/avr5\libm.a(fp_pscB.o)
                              c:/codeblocks/bin/../lib/gcc/avr/4.3.3/../../../../avr/lib/avr5\libm.a(addsf3x.o) (__fp_pscB)
c:/codeblocks/bin/../lib/gcc/avr/4.3.3/../../../../avr/lib/avr5\libm.a(fp_round.o)
                              c:/codeblocks/bin/../lib/gcc/avr/4.3.3/../../../../avr/lib/avr5\libm.a(addsf3.o) (__fp_round)
c:/codeblocks/bin/../lib/gcc/avr/4.3.3/../../../../avr/lib/avr5\libm.a(fp_split3.o)
                              c:/codeblocks/bin/../lib/gcc/avr/4.3.3/../../../../avr/lib/avr5\libm.a(addsf3x.o) (__fp_split3)
c:/codeblocks/bin/../lib/gcc/avr/4.3.3/../../../../avr/lib/avr5\libm.a(fp_zero.o)
                              c:/codeblocks/bin/../lib/gcc/avr/4.3.3/../../../../avr/lib/avr5\libm.a(addsf3x.o) (__fp_zero)
c:/codeblocks/bin/../lib/gcc/avr/4.3.3/../../../../avr/lib/avr5\libm.a(gesf2.o)
                              C:\Arduino\Growputer\build\/core_uno_16.a(Print.cpp.o) (__gtsf2)
c:/codeblocks/bin/../lib/gcc/avr/4.3.3/../../../../avr/lib/avr5\libm.a(mulsf3.o)
                              C:\Arduino\Growputer\build\/core_uno_16.a(Print.cpp.o) (__mulsf3)
c:/codeblocks/bin/../lib/gcc/avr/4.3.3/../../../../avr/lib/avr5\libm.a(mulsf3x.o)
                              c:/codeblocks/bin/../lib/gcc/avr/4.3.3/../../../../avr/lib/avr5\libm.a(mulsf3.o) (__mulsf3x)
c:/codeblocks/bin/../lib/gcc/avr/4.3.3/../../../../avr/lib/avr5\libm.a(unordsf2.o)
                              C:\Arduino\Growputer\build\/core_uno_16.a(Print.cpp.o) (__unordsf2)
[...]
Memory Configuration

Name             Origin             Length             Attributes
text             0x00000000         0x00020000         xr
data             0x00800060         0x0000ffa0         rw !x
eeprom           0x00810000         0x00010000         rw !x
fuse             0x00820000         0x00000400         rw !x
lock             0x00830000         0x00000400         rw !x
signature        0x00840000         0x00000400         rw !x
*default*        0x00000000         0xffffffff

Linker script and memory map

Address of section .data set to 0x800100
LOAD c:/codeblocks/bin/../lib/gcc/avr/4.3.3/../../../../avr/lib/avr5/crtm328p.o
LOAD build\Growputer.o
LOAD C:\Arduino\Growputer\build\/lib_uno_16.a
LOAD C:\Arduino\Growputer\build\/core_uno_16.a
LOAD c:/codeblocks/bin/../lib/gcc/avr/4.3.3/../../../../avr/lib/avr5\libm.a
LOAD c:/codeblocks/bin/../lib/gcc/avr/4.3.3/avr5\libgcc.a
LOAD c:/codeblocks/bin/../lib/gcc/avr/4.3.3/../../../../avr/lib/avr5\libc.a
LOAD c:/codeblocks/bin/../lib/gcc/avr/4.3.3/avr5\libgcc.a

.hash
 *(.hash)

.dynsym
 *(.dynsym)

.dynstr
 *(.dynstr)

.gnu.version
 *(.gnu.version)

.gnu.version_d
 *(.gnu.version_d)

.gnu.version_r
 *(.gnu.version_r)

.rel.init
 *(.rel.init)

.rela.init
 *(.rela.init)

.rel.text
 *(.rel.text)
 *(.rel.text.*)
 *(.rel.gnu.linkonce.t*)

.rela.text
 *(.rela.text)
 *(.rela.text.*)
 *(.rela.gnu.linkonce.t*)

.rel.fini
 *(.rel.fini)

.rela.fini
 *(.rela.fini)

.rel.rodata
 *(.rel.rodata)
 *(.rel.rodata.*)
 *(.rel.gnu.linkonce.r*)

.rela.rodata
 *(.rela.rodata)
 *(.rela.rodata.*)
 *(.rela.gnu.linkonce.r*)

.rel.data
 *(.rel.data)
 *(.rel.data.*)
 *(.rel.gnu.linkonce.d*)

.rela.data
 *(.rela.data)
 *(.rela.data.*)
 *(.rela.gnu.linkonce.d*)

.rel.ctors
 *(.rel.ctors)

.rela.ctors
 *(.rela.ctors)

.rel.dtors
 *(.rel.dtors)

.rela.dtors
 *(.rela.dtors)

.rel.got
 *(.rel.got)

.rela.got
 *(.rela.got)

.rel.bss
 *(.rel.bss)

.rela.bss
 *(.rela.bss)

.rel.plt
 *(.rel.plt)

.rela.plt
 *(.rela.plt)

.text           0x00000000      0x9ca
 *(.vectors)
 .vectors       0x00000000       0x68 c:/codeblocks/bin/../lib/gcc/avr/4.3.3/../../../../avr/lib/avr5/crtm328p.o
                0x00000000                __vectors
                0x00000000                __vector_default
 *(.vectors)
 *(.progmem.gcc*)
 *(.progmem*)
 .progmem.data  0x00000068       0x5a C:\Arduino\Growputer\build\/core_uno_16.a(wiring_digital.c.o)
                0x00000068                port_to_mode_PGM
                0x00000086                digital_pin_to_port_PGM
                0x0000009a                digital_pin_to_bit_mask_PGM
                0x00000072                port_to_output_PGM
                0x0000007c                port_to_input_PGM
                0x000000ae                digital_pin_to_timer_PGM
                0x000000c2                . = ALIGN (0x2)
                0x000000c2                __trampolines_start = .
 *(.trampolines)
 .trampolines   0x000000c2        0x0 linker stubs
 *(.trampolines*)
                0x000000c2                __trampolines_end = .
 *(.jumptables)
 *(.jumptables*)
 *(.lowtext)
 *(.lowtext*)
                0x000000c2                __ctors_start = .
 *(.ctors)
 .ctors         0x000000c2        0x2 C:\Arduino\Growputer\build\/core_uno_16.a(HardwareSerial.cpp.o)
                0x000000c4                __ctors_end = .
                0x000000c4                __dtors_start = .
 *(.dtors)
                0x000000c4                __dtors_end = .
 SORT(*)(.ctors)
 SORT(*)(.dtors)
 *(.init0)
 .init0         0x000000c4        0x0 c:/codeblocks/bin/../lib/gcc/avr/4.3.3/../../../../avr/lib/avr5/crtm328p.o
                0x000000c4                __init
 *(.init0)
 *(.init1)
 *(.init1)
 *(.init2)
 .init2         0x000000c4        0xc c:/codeblocks/bin/../lib/gcc/avr/4.3.3/../../../../avr/lib/avr5/crtm328p.o
 *(.init2)
 *(.init3)
 *(.init3)
 *(.init4)
 .init4         0x000000d0       0x16 c:/codeblocks/bin/../lib/gcc/avr/4.3.3/avr5\libgcc.a(_copy_data.o)
                0x000000d0                __do_copy_data
 .init4         0x000000e6       0x10 c:/codeblocks/bin/../lib/gcc/avr/4.3.3/avr5\libgcc.a(_clear_bss.o)
                0x000000e6                __do_clear_bss
 *(.init4)
 *(.init5)
 *(.init5)
 *(.init6)
 .init6         0x000000f6       0x16 c:/codeblocks/bin/../lib/gcc/avr/4.3.3/avr5\libgcc.a(_ctors.o)
                0x000000f6                __do_global_ctors
 *(.init6)
 *(.init7)
 *(.init7)
 *(.init8)
 *(.init8)
 *(.init9)
 .init9         0x0000010c        0x8 c:/codeblocks/bin/../lib/gcc/avr/4.3.3/../../../../avr/lib/avr5/crtm328p.o
 *(.init9)
 *(.text)
 .text          0x00000114        0x4 c:/codeblocks/bin/../lib/gcc/avr/4.3.3/../../../../avr/lib/avr5/crtm328p.o
                0x00000114                __vector_22
                0x00000114                __vector_1
                0x00000114                __vector_24
                0x00000114                __vector_12
                0x00000114                __bad_interrupt
                0x00000114                __vector_6
                0x00000114                __vector_3
                0x00000114                __vector_23
                0x00000114                __vector_25
                0x00000114                __vector_11
                0x00000114                __vector_13
                0x00000114                __vector_17
                0x00000114                __vector_7
                0x00000114                __vector_5
                0x00000114                __vector_4
                0x00000114                __vector_9
                0x00000114                __vector_2
                0x00000114                __vector_21
                0x00000114                __vector_15
                0x00000114                __vector_8
                0x00000114                __vector_14
                0x00000114                __vector_10
                0x00000114                __vector_20
                0x00000118                . = ALIGN (0x2)
 *(.text.*)
 .text.loop     0x00000118       0x36 build\Growputer.o
                0x00000118                loop
 .text.setup    0x0000014e       0x1a build\Growputer.o
                0x0000014e                setup
 .text._Z11serialEventv
                0x00000168        0x2 C:\Arduino\Growputer\build\/core_uno_16.a(HardwareSerial.cpp.o)
                0x00000168                serialEvent()
 .text.__vector_18
                0x0000016a       0x76 C:\Arduino\Growputer\build\/core_uno_16.a(HardwareSerial.cpp.o)
                0x0000016a                __vector_18
 .text._Z14serialEventRunv
                0x000001e0       0x26 C:\Arduino\Growputer\build\/core_uno_16.a(HardwareSerial.cpp.o)
                0x000001e0                serialEventRun()
 .text.__vector_19
                0x00000206       0x76 C:\Arduino\Growputer\build\/core_uno_16.a(HardwareSerial.cpp.o)
                0x00000206                __vector_19
 .text._ZN14HardwareSerial5beginEm
                0x0000027c      0x10e C:\Arduino\Growputer\build\/core_uno_16.a(HardwareSerial.cpp.o)
                0x0000027c                HardwareSerial::begin(unsigned long)
 .text._ZN14HardwareSerial9availableEv
                0x0000038a       0x22 C:\Arduino\Growputer\build\/core_uno_16.a(HardwareSerial.cpp.o)
                0x0000038a                HardwareSerial::available()
 .text._ZN14HardwareSerial4peekEv
                0x000003ac       0x40 C:\Arduino\Growputer\build\/core_uno_16.a(HardwareSerial.cpp.o)
                0x000003ac                HardwareSerial::peek()
 .text._ZN14HardwareSerial4readEv
                0x000003ec       0x52 C:\Arduino\Growputer\build\/core_uno_16.a(HardwareSerial.cpp.o)
                0x000003ec                HardwareSerial::read()
 .text._ZN14HardwareSerial5flushEv
                0x0000043e       0x20 C:\Arduino\Growputer\build\/core_uno_16.a(HardwareSerial.cpp.o)
                0x0000043e                HardwareSerial::flush()
 .text._ZN14HardwareSerial5writeEh
                0x0000045e       0x80 C:\Arduino\Growputer\build\/core_uno_16.a(HardwareSerial.cpp.o)
                0x0000045e                HardwareSerial::write(unsigned char)
 .text._GLOBAL__I_rx_buffer
                0x000004de       0xac C:\Arduino\Growputer\build\/core_uno_16.a(HardwareSerial.cpp.o)
 .text.main     0x0000058a       0x1e C:\Arduino\Growputer\build\/core_uno_16.a(main.cpp.o)
                0x0000058a                main
 .text._ZN5Print5writeEPKhj
                0x000005a8       0x54 C:\Arduino\Growputer\build\/core_uno_16.a(Print.cpp.o)
                0x000005a8                Print::write(unsigned char const*, unsigned int)
 .text._ZN5Print7printlnEv
                0x000005fc       0x40 C:\Arduino\Growputer\build\/core_uno_16.a(Print.cpp.o)
                0x000005fc                Print::println()
 .text._ZN5Print5writeEPKc
                0x0000063c       0x38 C:\Arduino\Growputer\build\/core_uno_16.a(Print.cpp.o)
                0x0000063c                Print::write(char const*)
 .text._ZN5Print7printlnEPKc
                0x00000674       0x26 C:\Arduino\Growputer\build\/core_uno_16.a(Print.cpp.o)
                0x00000674                Print::println(char const*)
 .text.__vector_16
                0x0000069a       0x90 C:\Arduino\Growputer\build\/core_uno_16.a(wiring.c.o)
                0x0000069a                __vector_16
 .text.micros   0x0000072a       0x4c C:\Arduino\Growputer\build\/core_uno_16.a(wiring.c.o)
                0x0000072a                micros
 .text.delay    0x00000776       0x4c C:\Arduino\Growputer\build\/core_uno_16.a(wiring.c.o)
                0x00000776                delay
 .text.init     0x000007c2       0x76 C:\Arduino\Growputer\build\/core_uno_16.a(wiring.c.o)
                0x000007c2                init
 .text.pinMode  0x00000838       0x7e C:\Arduino\Growputer\build\/core_uno_16.a(wiring_digital.c.o)
                0x00000838                pinMode
 .text.turnOffPWM
                0x000008b6       0x5a C:\Arduino\Growputer\build\/core_uno_16.a(wiring_digital.c.o)
 .text.digitalWrite
                0x00000910       0x66 C:\Arduino\Growputer\build\/core_uno_16.a(wiring_digital.c.o)
                0x00000910                digitalWrite
 .text.libgcc   0x00000976       0x44 c:/codeblocks/bin/../lib/gcc/avr/4.3.3/avr5\libgcc.a(_udivmodsi4.o)
                0x00000976                __udivmodsi4
 .text.libgcc   0x000009ba        0xc c:/codeblocks/bin/../lib/gcc/avr/4.3.3/avr5\libgcc.a(_tablejump.o)
                0x000009be                __tablejump__
                0x000009ba                __tablejump2__
                0x000009c6                . = ALIGN (0x2)
 *(.fini9)
 .fini9         0x000009c6        0x0 c:/codeblocks/bin/../lib/gcc/avr/4.3.3/avr5\libgcc.a(_exit.o)
                0x000009c6                exit
                0x000009c6                _exit
 *(.fini9)
 *(.fini8)
 *(.fini8)
 *(.fini7)
 *(.fini7)
 *(.fini6)
 *(.fini6)
 *(.fini5)
 *(.fini5)
 *(.fini4)
 *(.fini4)
 *(.fini3)
 *(.fini3)
 *(.fini2)
 *(.fini2)
 *(.fini1)
 *(.fini1)
 *(.fini0)
 .fini0         0x000009c6        0x4 c:/codeblocks/bin/../lib/gcc/avr/4.3.3/avr5\libgcc.a(_exit.o)
 *(.fini0)
                0x000009ca                _etext = .

.data           0x00800100       0x1e load address 0x000009ca
                0x00800100                PROVIDE (__data_start, .)
 *(.data)
 .data          0x00800100        0xd build\Growputer.o
 *(.data*)
 *(.rodata)
 *(.rodata*)
 .rodata._ZTV14HardwareSerial
                0x0080010d       0x10 C:\Arduino\Growputer\build\/core_uno_16.a(HardwareSerial.cpp.o)
                0x0080010d                vtable for HardwareSerial
 *(.gnu.linkonce.d*)
                0x0080011e                . = ALIGN (0x2)
 *fill*         0x0080011d        0x1 00
                0x0080011e                _edata = .
                0x0080011e                PROVIDE (__data_end, .)

.bss            0x0080011e       0xb3
                0x0080011e                PROVIDE (__bss_start, .)
 *(.bss)
 *(.bss*)
 .bss.rx_buffer
                0x0080011e       0x44 C:\Arduino\Growputer\build\/core_uno_16.a(HardwareSerial.cpp.o)
                0x0080011e                rx_buffer
 .bss.tx_buffer
                0x00800162       0x44 C:\Arduino\Growputer\build\/core_uno_16.a(HardwareSerial.cpp.o)
                0x00800162                tx_buffer
 .bss.Serial    0x008001a6       0x22 C:\Arduino\Growputer\build\/core_uno_16.a(HardwareSerial.cpp.o)
                0x008001a6                Serial
 .bss.timer0_overflow_count
                0x008001c8        0x4 C:\Arduino\Growputer\build\/core_uno_16.a(wiring.c.o)
                0x008001c8                timer0_overflow_count
 .bss.timer0_millis
                0x008001cc        0x4 C:\Arduino\Growputer\build\/core_uno_16.a(wiring.c.o)
                0x008001cc                timer0_millis
 .bss.timer0_fract
                0x008001d0        0x1 C:\Arduino\Growputer\build\/core_uno_16.a(wiring.c.o)
 *(COMMON)
                0x008001d1                PROVIDE (__bss_end, .)
                0x000009ca                __data_load_start = LOADADDR (.data)
                0x000009e8                __data_load_end = (__data_load_start + SIZEOF (.data))

.noinit         0x008001d1        0x0
                0x008001d1                PROVIDE (__noinit_start, .)
 *(.noinit*)
                0x008001d1                PROVIDE (__noinit_end, .)
                0x008001d1                _end = .
                0x008001d1                PROVIDE (__heap_start, .)

.eeprom         0x00810000        0x0
 *(.eeprom*)
                0x00810000                __eeprom_end = .

.fuse
 *(.fuse)
 *(.lfuse)
 *(.hfuse)
 *(.efuse)

.lock
 *(.lock*)

.signature
 *(.signature*)

.stab
 *(.stab)

.stabstr
 *(.stabstr)

.stab.excl
 *(.stab.excl)

.stab.exclstr
 *(.stab.exclstr)

.stab.index
 *(.stab.index)

.stab.indexstr
 *(.stab.indexstr)

.comment
 *(.comment)

.debug
 *(.debug)

.line
 *(.line)

.debug_srcinfo
 *(.debug_srcinfo)

.debug_sfnames
 *(.debug_sfnames)

.debug_aranges
 *(.debug_aranges)

.debug_pubnames
 *(.debug_pubnames)

.debug_info
 *(.debug_info)
 *(.gnu.linkonce.wi.*)

.debug_abbrev
 *(.debug_abbrev)

.debug_line
 *(.debug_line)

.debug_frame
 *(.debug_frame)

.debug_str
 *(.debug_str)

.debug_loc
 *(.debug_loc)

.debug_macinfo
 *(.debug_macinfo)
OUTPUT(build\Growputer_uno.elf elf32-avr)
LOAD linker stubs

Cross Reference Table

Symbol                                            File
HardwareSerial::HardwareSerial(ring_buffer*, ring_buffer*, unsigned char volatile*, unsigned char volatile*, unsigned char volatile*, unsigned char volatile*, unsigned char volatile*, unsigned char volatile*, unsigned char, unsigned char, unsigned char, unsigned char, unsigned char) C:\Arduino\Growputer\build\/core_uno_16.a(HardwareSerial.cpp.o)
HardwareSerial::HardwareSerial(ring_buffer*, ring_buffer*, unsigned char volatile*, unsigned char volatile*, unsigned char volatile*, unsigned char volatile*, unsigned char volatile*, unsigned char volatile*, unsigned char, unsigned char, unsigned char, unsigned char, unsigned char) C:\Arduino\Growputer\build\/core_uno_16.a(HardwareSerial.cpp.o)
HardwareSerial::available()                       C:\Arduino\Growputer\build\/core_uno_16.a(HardwareSerial.cpp.o)
HardwareSerial::begin(unsigned long)              C:\Arduino\Growputer\build\/core_uno_16.a(HardwareSerial.cpp.o)
                                                  build\Growputer.o
HardwareSerial::begin(unsigned long, unsigned char) C:\Arduino\Growputer\build\/core_uno_16.a(HardwareSerial.cpp.o)
HardwareSerial::end()                             C:\Arduino\Growputer\build\/core_uno_16.a(HardwareSerial.cpp.o)
HardwareSerial::flush()                           C:\Arduino\Growputer\build\/core_uno_16.a(HardwareSerial.cpp.o)
HardwareSerial::operator bool()                   C:\Arduino\Growputer\build\/core_uno_16.a(HardwareSerial.cpp.o)
HardwareSerial::peek()                            C:\Arduino\Growputer\build\/core_uno_16.a(HardwareSerial.cpp.o)
HardwareSerial::read()                            C:\Arduino\Growputer\build\/core_uno_16.a(HardwareSerial.cpp.o)
HardwareSerial::write(unsigned char)              C:\Arduino\Growputer\build\/core_uno_16.a(HardwareSerial.cpp.o)
Print::print(Printable const&)                    C:\Arduino\Growputer\build\/core_uno_16.a(Print.cpp.o)
Print::print(String const&)                       C:\Arduino\Growputer\build\/core_uno_16.a(Print.cpp.o)
Print::print(__FlashStringHelper const*)          C:\Arduino\Growputer\build\/core_uno_16.a(Print.cpp.o)
Print::print(char const*)                         C:\Arduino\Growputer\build\/core_uno_16.a(Print.cpp.o)
Print::print(char)                                C:\Arduino\Growputer\build\/core_uno_16.a(Print.cpp.o)
Print::print(double, int)                         C:\Arduino\Growputer\build\/core_uno_16.a(Print.cpp.o)
Print::print(int, int)                            C:\Arduino\Growputer\build\/core_uno_16.a(Print.cpp.o)
Print::print(long, int)                           C:\Arduino\Growputer\build\/core_uno_16.a(Print.cpp.o)
Print::print(unsigned char, int)                  C:\Arduino\Growputer\build\/core_uno_16.a(Print.cpp.o)
Print::print(unsigned int, int)                   C:\Arduino\Growputer\build\/core_uno_16.a(Print.cpp.o)
Print::print(unsigned long, int)                  C:\Arduino\Growputer\build\/core_uno_16.a(Print.cpp.o)
Print::printFloat(double, unsigned char)          C:\Arduino\Growputer\build\/core_uno_16.a(Print.cpp.o)
Print::printNumber(unsigned long, unsigned char)  C:\Arduino\Growputer\build\/core_uno_16.a(Print.cpp.o)
Print::println()                                  C:\Arduino\Growputer\build\/core_uno_16.a(Print.cpp.o)
Print::println(Printable const&)                  C:\Arduino\Growputer\build\/core_uno_16.a(Print.cpp.o)
Print::println(String const&)                     C:\Arduino\Growputer\build\/core_uno_16.a(Print.cpp.o)
Print::println(__FlashStringHelper const*)        C:\Arduino\Growputer\build\/core_uno_16.a(Print.cpp.o)
Print::println(char const*)                       C:\Arduino\Growputer\build\/core_uno_16.a(Print.cpp.o)
                                                  build\Growputer.o
Print::println(char)                              C:\Arduino\Growputer\build\/core_uno_16.a(Print.cpp.o)
Print::println(double, int)                       C:\Arduino\Growputer\build\/core_uno_16.a(Print.cpp.o)
Print::println(int, int)                          C:\Arduino\Growputer\build\/core_uno_16.a(Print.cpp.o)
Print::println(long, int)                         C:\Arduino\Growputer\build\/core_uno_16.a(Print.cpp.o)
Print::println(unsigned char, int)                C:\Arduino\Growputer\build\/core_uno_16.a(Print.cpp.o)
Print::println(unsigned int, int)                 C:\Arduino\Growputer\build\/core_uno_16.a(Print.cpp.o)
Print::println(unsigned long, int)                C:\Arduino\Growputer\build\/core_uno_16.a(Print.cpp.o)
Print::write(char const*)                         C:\Arduino\Growputer\build\/core_uno_16.a(Print.cpp.o)
Print::write(unsigned char const*, unsigned int)  C:\Arduino\Growputer\build\/core_uno_16.a(Print.cpp.o)
                                                  C:\Arduino\Growputer\build\/core_uno_16.a(HardwareSerial.cpp.o)
Serial                                            C:\Arduino\Growputer\build\/core_uno_16.a(HardwareSerial.cpp.o)
                                                  build\Growputer.o
String::String(String const&)                     C:\Arduino\Growputer\build\/core_uno_16.a(WString.cpp.o)
String::String(String const&)                     C:\Arduino\Growputer\build\/core_uno_16.a(WString.cpp.o)
String::String(char const*)                       C:\Arduino\Growputer\build\/core_uno_16.a(WString.cpp.o)
String::String(char const*)                       C:\Arduino\Growputer\build\/core_uno_16.a(WString.cpp.o)
String::String(char)                              C:\Arduino\Growputer\build\/core_uno_16.a(WString.cpp.o)
String::String(char)                              C:\Arduino\Growputer\build\/core_uno_16.a(WString.cpp.o)
String::String(int, unsigned char)                C:\Arduino\Growputer\build\/core_uno_16.a(WString.cpp.o)
String::String(int, unsigned char)                C:\Arduino\Growputer\build\/core_uno_16.a(WString.cpp.o)
String::String(long, unsigned char)               C:\Arduino\Growputer\build\/core_uno_16.a(WString.cpp.o)
String::String(long, unsigned char)               C:\Arduino\Growputer\build\/core_uno_16.a(WString.cpp.o)
String::String(unsigned char, unsigned char)      C:\Arduino\Growputer\build\/core_uno_16.a(WString.cpp.o)
String::String(unsigned char, unsigned char)      C:\Arduino\Growputer\build\/core_uno_16.a(WString.cpp.o)
String::String(unsigned int, unsigned char)       C:\Arduino\Growputer\build\/core_uno_16.a(WString.cpp.o)
String::String(unsigned int, unsigned char)       C:\Arduino\Growputer\build\/core_uno_16.a(WString.cpp.o)
String::String(unsigned long, unsigned char)      C:\Arduino\Growputer\build\/core_uno_16.a(WString.cpp.o)
String::String(unsigned long, unsigned char)      C:\Arduino\Growputer\build\/core_uno_16.a(WString.cpp.o)
String::changeBuffer(unsigned int)                C:\Arduino\Growputer\build\/core_uno_16.a(WString.cpp.o)
String::charAt(unsigned int) const                C:\Arduino\Growputer\build\/core_uno_16.a(WString.cpp.o)
String::compareTo(String const&) const            C:\Arduino\Growputer\build\/core_uno_16.a(WString.cpp.o)
String::concat(String const&)                     C:\Arduino\Growputer\build\/core_uno_16.a(WString.cpp.o)
String::concat(char const*)                       C:\Arduino\Growputer\build\/core_uno_16.a(WString.cpp.o)
String::concat(char const*, unsigned int)         C:\Arduino\Growputer\build\/core_uno_16.a(WString.cpp.o)
String::concat(char)                              C:\Arduino\Growputer\build\/core_uno_16.a(WString.cpp.o)
String::concat(int)                               C:\Arduino\Growputer\build\/core_uno_16.a(WString.cpp.o)
String::concat(long)                              C:\Arduino\Growputer\build\/core_uno_16.a(WString.cpp.o)
String::concat(unsigned char)                     C:\Arduino\Growputer\build\/core_uno_16.a(WString.cpp.o)
String::concat(unsigned int)                      C:\Arduino\Growputer\build\/core_uno_16.a(WString.cpp.o)
String::concat(unsigned long)                     C:\Arduino\Growputer\build\/core_uno_16.a(WString.cpp.o)
String::copy(char const*, unsigned int)           C:\Arduino\Growputer\build\/core_uno_16.a(WString.cpp.o)
String::endsWith(String const&) const             C:\Arduino\Growputer\build\/core_uno_16.a(WString.cpp.o)
String::equals(String const&) const               C:\Arduino\Growputer\build\/core_uno_16.a(WString.cpp.o)
String::equals(char const*) const                 C:\Arduino\Growputer\build\/core_uno_16.a(WString.cpp.o)
String::equalsIgnoreCase(String const&) const     C:\Arduino\Growputer\build\/core_uno_16.a(WString.cpp.o)
String::getBytes(unsigned char*, unsigned int, unsigned int) const C:\Arduino\Growputer\build\/core_uno_16.a(WString.cpp.o)
String::indexOf(String const&) const              C:\Arduino\Growputer\build\/core_uno_16.a(WString.cpp.o)
String::indexOf(String const&, unsigned int) const C:\Arduino\Growputer\build\/core_uno_16.a(WString.cpp.o)
String::indexOf(char) const                       C:\Arduino\Growputer\build\/core_uno_16.a(WString.cpp.o)
String::indexOf(char, unsigned int) const         C:\Arduino\Growputer\build\/core_uno_16.a(WString.cpp.o)
String::invalidate()                              C:\Arduino\Growputer\build\/core_uno_16.a(WString.cpp.o)
String::lastIndexOf(String const&) const          C:\Arduino\Growputer\build\/core_uno_16.a(WString.cpp.o)
String::lastIndexOf(String const&, unsigned int) const C:\Arduino\Growputer\build\/core_uno_16.a(WString.cpp.o)
String::lastIndexOf(char) const                   C:\Arduino\Growputer\build\/core_uno_16.a(WString.cpp.o)
String::lastIndexOf(char, unsigned int) const     C:\Arduino\Growputer\build\/core_uno_16.a(WString.cpp.o)
String::operator<(String const&) const            C:\Arduino\Growputer\build\/core_uno_16.a(WString.cpp.o)
String::operator<=(String const&) const           C:\Arduino\Growputer\build\/core_uno_16.a(WString.cpp.o)
String::operator=(String const&)                  C:\Arduino\Growputer\build\/core_uno_16.a(WString.cpp.o)
String::operator=(char const*)                    C:\Arduino\Growputer\build\/core_uno_16.a(WString.cpp.o)
String::operator>(String const&) const            C:\Arduino\Growputer\build\/core_uno_16.a(WString.cpp.o)
String::operator>=(String const&) const           C:\Arduino\Growputer\build\/core_uno_16.a(WString.cpp.o)
String::operator[](unsigned int)                  C:\Arduino\Growputer\build\/core_uno_16.a(WString.cpp.o)
String::operator[](unsigned int) const            C:\Arduino\Growputer\build\/core_uno_16.a(WString.cpp.o)
                                                  C:\Arduino\Growputer\build\/core_uno_16.a(Print.cpp.o)
String::replace(String const&, String const&)     C:\Arduino\Growputer\build\/core_uno_16.a(WString.cpp.o)
String::replace(char, char)                       C:\Arduino\Growputer\build\/core_uno_16.a(WString.cpp.o)
String::reserve(unsigned int)                     C:\Arduino\Growputer\build\/core_uno_16.a(WString.cpp.o)
String::setCharAt(unsigned int, char)             C:\Arduino\Growputer\build\/core_uno_16.a(WString.cpp.o)
String::startsWith(String const&) const           C:\Arduino\Growputer\build\/core_uno_16.a(WString.cpp.o)
String::startsWith(String const&, unsigned int) const C:\Arduino\Growputer\build\/core_uno_16.a(WString.cpp.o)
String::substring(unsigned int) const             C:\Arduino\Growputer\build\/core_uno_16.a(WString.cpp.o)
String::substring(unsigned int, unsigned int) const C:\Arduino\Growputer\build\/core_uno_16.a(WString.cpp.o)
String::toInt() const                             C:\Arduino\Growputer\build\/core_uno_16.a(WString.cpp.o)
String::toLowerCase()                             C:\Arduino\Growputer\build\/core_uno_16.a(WString.cpp.o)
String::toUpperCase()                             C:\Arduino\Growputer\build\/core_uno_16.a(WString.cpp.o)
String::trim()                                    C:\Arduino\Growputer\build\/core_uno_16.a(WString.cpp.o)
String::~String()                                 C:\Arduino\Growputer\build\/core_uno_16.a(WString.cpp.o)
String::~String()                                 C:\Arduino\Growputer\build\/core_uno_16.a(WString.cpp.o)
__addsf3                                          c:/codeblocks/bin/../lib/gcc/avr/4.3.3/../../../../avr/lib/avr5\libm.a(addsf3.o)
                                                  C:\Arduino\Growputer\build\/core_uno_16.a(Print.cpp.o)
__addsf3x                                         c:/codeblocks/bin/../lib/gcc/avr/4.3.3/../../../../avr/lib/avr5\libm.a(addsf3x.o)
                                                  c:/codeblocks/bin/../lib/gcc/avr/4.3.3/../../../../avr/lib/avr5\libm.a(addsf3.o)
__bad_interrupt                                   c:/codeblocks/bin/../lib/gcc/avr/4.3.3/../../../../avr/lib/avr5/crtm328p.o
__brkval                                          c:/codeblocks/bin/../lib/gcc/avr/4.3.3/../../../../avr/lib/avr5\libc.a(realloc.o)
                                                  c:/codeblocks/bin/../lib/gcc/avr/4.3.3/../../../../avr/lib/avr5\libc.a(malloc.o)
__bss_end                                         c:/codeblocks/bin/../lib/gcc/avr/4.3.3/avr5\libgcc.a(_clear_bss.o)
__bss_start                                       c:/codeblocks/bin/../lib/gcc/avr/4.3.3/avr5\libgcc.a(_clear_bss.o)
__cmpsf2                                          c:/codeblocks/bin/../lib/gcc/avr/4.3.3/../../../../avr/lib/avr5\libm.a(cmpsf2.o)
__ctors_end                                       c:/codeblocks/bin/../lib/gcc/avr/4.3.3/avr5\libgcc.a(_ctors.o)
__ctors_start                                     c:/codeblocks/bin/../lib/gcc/avr/4.3.3/avr5\libgcc.a(_ctors.o)
__ctype_isfalse                                   c:/codeblocks/bin/../lib/gcc/avr/4.3.3/../../../../avr/lib/avr5\libc.a(cty_isfalse.o)
                                                  c:/codeblocks/bin/../lib/gcc/avr/4.3.3/../../../../avr/lib/avr5\libc.a(isspace.o)
__ctype_istrue                                    c:/codeblocks/bin/../lib/gcc/avr/4.3.3/../../../../avr/lib/avr5\libc.a(cty_isfalse.o)
__cxa_guard_abort                                 C:\Arduino\Growputer\build\/core_uno_16.a(new.cpp.o)
__cxa_guard_acquire                               C:\Arduino\Growputer\build\/core_uno_16.a(new.cpp.o)
__cxa_guard_release                               C:\Arduino\Growputer\build\/core_uno_16.a(new.cpp.o)
__cxa_pure_virtual                                C:\Arduino\Growputer\build\/core_uno_16.a(new.cpp.o)
                                                  C:\Arduino\Growputer\build\/core_uno_16.a(Print.cpp.o)
                                                  C:\Arduino\Growputer\build\/core_uno_16.a(HardwareSerial.cpp.o)
__data_end                                        c:/codeblocks/bin/../lib/gcc/avr/4.3.3/avr5\libgcc.a(_copy_data.o)
__data_load_start                                 c:/codeblocks/bin/../lib/gcc/avr/4.3.3/avr5\libgcc.a(_copy_data.o)
__data_start                                      c:/codeblocks/bin/../lib/gcc/avr/4.3.3/avr5\libgcc.a(_copy_data.o)
__divsf3                                          c:/codeblocks/bin/../lib/gcc/avr/4.3.3/../../../../avr/lib/avr5\libm.a(divsf3.o)
                                                  C:\Arduino\Growputer\build\/core_uno_16.a(Print.cpp.o)
__divsf3_pse                                      c:/codeblocks/bin/../lib/gcc/avr/4.3.3/../../../../avr/lib/avr5\libm.a(divsf3x.o)
__divsf3x                                         c:/codeblocks/bin/../lib/gcc/avr/4.3.3/../../../../avr/lib/avr5\libm.a(divsf3x.o)
                                                  c:/codeblocks/bin/../lib/gcc/avr/4.3.3/../../../../avr/lib/avr5\libm.a(divsf3.o)
__do_clear_bss                                    c:/codeblocks/bin/../lib/gcc/avr/4.3.3/avr5\libgcc.a(_clear_bss.o)
                                                  c:/codeblocks/bin/../lib/gcc/avr/4.3.3/../../../../avr/lib/avr5\libc.a(realloc.o)
                                                  c:/codeblocks/bin/../lib/gcc/avr/4.3.3/../../../../avr/lib/avr5\libc.a(malloc.o)
                                                  C:\Arduino\Growputer\build\/core_uno_16.a(WString.cpp.o)
                                                  C:\Arduino\Growputer\build\/core_uno_16.a(wiring.c.o)
                                                  C:\Arduino\Growputer\build\/core_uno_16.a(HardwareSerial.cpp.o)
__do_copy_data                                    c:/codeblocks/bin/../lib/gcc/avr/4.3.3/avr5\libgcc.a(_copy_data.o)
                                                  c:/codeblocks/bin/../lib/gcc/avr/4.3.3/../../../../avr/lib/avr5\libc.a(realloc.o)
                                                  c:/codeblocks/bin/../lib/gcc/avr/4.3.3/../../../../avr/lib/avr5\libc.a(malloc.o)
                                                  C:\Arduino\Growputer\build\/core_uno_16.a(WString.cpp.o)
                                                  C:\Arduino\Growputer\build\/core_uno_16.a(Print.cpp.o)
                                                  C:\Arduino\Growputer\build\/core_uno_16.a(HardwareSerial.cpp.o)
                                                  build\Growputer.o
__do_global_ctors                                 c:/codeblocks/bin/../lib/gcc/avr/4.3.3/avr5\libgcc.a(_ctors.o)
                                                  C:\Arduino\Growputer\build\/core_uno_16.a(HardwareSerial.cpp.o)
__epilogue_restores__                             c:/codeblocks/bin/../lib/gcc/avr/4.3.3/avr5\libgcc.a(_epilogue.o)
                                                  c:/codeblocks/bin/../lib/gcc/avr/4.3.3/../../../../avr/lib/avr5\libc.a(realloc.o)
__eqsf2                                           c:/codeblocks/bin/../lib/gcc/avr/4.3.3/../../../../avr/lib/avr5\libm.a(cmpsf2.o)
__fixsfsi                                         c:/codeblocks/bin/../lib/gcc/avr/4.3.3/../../../../avr/lib/avr5\libm.a(fixsfsi.o)
                                                  C:\Arduino\Growputer\build\/core_uno_16.a(Print.cpp.o)
__fixunssfsi                                      c:/codeblocks/bin/../lib/gcc/avr/4.3.3/../../../../avr/lib/avr5\libm.a(fixunssfsi.o)
                                                  c:/codeblocks/bin/../lib/gcc/avr/4.3.3/../../../../avr/lib/avr5\libm.a(fixsfsi.o)
                                                  C:\Arduino\Growputer\build\/core_uno_16.a(Print.cpp.o)
__floatsisf                                       c:/codeblocks/bin/../lib/gcc/avr/4.3.3/../../../../avr/lib/avr5\libm.a(floatsisf.o)
                                                  C:\Arduino\Growputer\build\/core_uno_16.a(Print.cpp.o)
__floatunsisf                                     c:/codeblocks/bin/../lib/gcc/avr/4.3.3/../../../../avr/lib/avr5\libm.a(floatsisf.o)
                                                  C:\Arduino\Growputer\build\/core_uno_16.a(Print.cpp.o)
__flp                                             c:/codeblocks/bin/../lib/gcc/avr/4.3.3/../../../../avr/lib/avr5\libc.a(realloc.o)
                                                  c:/codeblocks/bin/../lib/gcc/avr/4.3.3/../../../../avr/lib/avr5\libc.a(malloc.o)
__fp_cmp                                          c:/codeblocks/bin/../lib/gcc/avr/4.3.3/../../../../avr/lib/avr5\libm.a(fp_cmp.o)
                                                  c:/codeblocks/bin/../lib/gcc/avr/4.3.3/../../../../avr/lib/avr5\libm.a(unordsf2.o)
                                                  c:/codeblocks/bin/../lib/gcc/avr/4.3.3/../../../../avr/lib/avr5\libm.a(gesf2.o)
                                                  c:/codeblocks/bin/../lib/gcc/avr/4.3.3/../../../../avr/lib/avr5\libm.a(cmpsf2.o)
__fp_inf                                          c:/codeblocks/bin/../lib/gcc/avr/4.3.3/../../../../avr/lib/avr5\libm.a(fp_inf.o)
                                                  c:/codeblocks/bin/../lib/gcc/avr/4.3.3/../../../../avr/lib/avr5\libm.a(mulsf3x.o)
                                                  c:/codeblocks/bin/../lib/gcc/avr/4.3.3/../../../../avr/lib/avr5\libm.a(divsf3x.o)
                                                  c:/codeblocks/bin/../lib/gcc/avr/4.3.3/../../../../avr/lib/avr5\libm.a(addsf3x.o)
__fp_nan                                          c:/codeblocks/bin/../lib/gcc/avr/4.3.3/../../../../avr/lib/avr5\libm.a(fp_nan.o)
                                                  c:/codeblocks/bin/../lib/gcc/avr/4.3.3/../../../../avr/lib/avr5\libm.a(mulsf3x.o)
                                                  c:/codeblocks/bin/../lib/gcc/avr/4.3.3/../../../../avr/lib/avr5\libm.a(divsf3x.o)
                                                  c:/codeblocks/bin/../lib/gcc/avr/4.3.3/../../../../avr/lib/avr5\libm.a(addsf3x.o)
__fp_pscA                                         c:/codeblocks/bin/../lib/gcc/avr/4.3.3/../../../../avr/lib/avr5\libm.a(fp_pscA.o)
                                                  c:/codeblocks/bin/../lib/gcc/avr/4.3.3/../../../../avr/lib/avr5\libm.a(mulsf3x.o)
                                                  c:/codeblocks/bin/../lib/gcc/avr/4.3.3/../../../../avr/lib/avr5\libm.a(divsf3x.o)
                                                  c:/codeblocks/bin/../lib/gcc/avr/4.3.3/../../../../avr/lib/avr5\libm.a(addsf3x.o)
__fp_pscB                                         c:/codeblocks/bin/../lib/gcc/avr/4.3.3/../../../../avr/lib/avr5\libm.a(fp_pscB.o)
                                                  c:/codeblocks/bin/../lib/gcc/avr/4.3.3/../../../../avr/lib/avr5\libm.a(mulsf3x.o)
                                                  c:/codeblocks/bin/../lib/gcc/avr/4.3.3/../../../../avr/lib/avr5\libm.a(divsf3x.o)
                                                  c:/codeblocks/bin/../lib/gcc/avr/4.3.3/../../../../avr/lib/avr5\libm.a(addsf3x.o)
__fp_round                                        c:/codeblocks/bin/../lib/gcc/avr/4.3.3/../../../../avr/lib/avr5\libm.a(fp_round.o)
                                                  c:/codeblocks/bin/../lib/gcc/avr/4.3.3/../../../../avr/lib/avr5\libm.a(mulsf3.o)
                                                  c:/codeblocks/bin/../lib/gcc/avr/4.3.3/../../../../avr/lib/avr5\libm.a(divsf3.o)
                                                  c:/codeblocks/bin/../lib/gcc/avr/4.3.3/../../../../avr/lib/avr5\libm.a(addsf3.o)
__fp_split3                                       c:/codeblocks/bin/../lib/gcc/avr/4.3.3/../../../../avr/lib/avr5\libm.a(fp_split3.o)
                                                  c:/codeblocks/bin/../lib/gcc/avr/4.3.3/../../../../avr/lib/avr5\libm.a(mulsf3x.o)
                                                  c:/codeblocks/bin/../lib/gcc/avr/4.3.3/../../../../avr/lib/avr5\libm.a(divsf3x.o)
                                                  c:/codeblocks/bin/../lib/gcc/avr/4.3.3/../../../../avr/lib/avr5\libm.a(addsf3x.o)
__fp_splitA                                       c:/codeblocks/bin/../lib/gcc/avr/4.3.3/../../../../avr/lib/avr5\libm.a(fp_split3.o)
                                                  c:/codeblocks/bin/../lib/gcc/avr/4.3.3/../../../../avr/lib/avr5\libm.a(fixunssfsi.o)
__fp_szero                                        c:/codeblocks/bin/../lib/gcc/avr/4.3.3/../../../../avr/lib/avr5\libm.a(fp_zero.o)
                                                  c:/codeblocks/bin/../lib/gcc/avr/4.3.3/../../../../avr/lib/avr5\libm.a(mulsf3x.o)
                                                  c:/codeblocks/bin/../lib/gcc/avr/4.3.3/../../../../avr/lib/avr5\libm.a(fixsfsi.o)
                                                  c:/codeblocks/bin/../lib/gcc/avr/4.3.3/../../../../avr/lib/avr5\libm.a(divsf3x.o)
__fp_zero                                         c:/codeblocks/bin/../lib/gcc/avr/4.3.3/../../../../avr/lib/avr5\libm.a(fp_zero.o)
                                                  c:/codeblocks/bin/../lib/gcc/avr/4.3.3/../../../../avr/lib/avr5\libm.a(fixunssfsi.o)
                                                  c:/codeblocks/bin/../lib/gcc/avr/4.3.3/../../../../avr/lib/avr5\libm.a(addsf3x.o)
__gesf2                                           c:/codeblocks/bin/../lib/gcc/avr/4.3.3/../../../../avr/lib/avr5\libm.a(gesf2.o)
__gtsf2                                           c:/codeblocks/bin/../lib/gcc/avr/4.3.3/../../../../avr/lib/avr5\libm.a(gesf2.o)
                                                  C:\Arduino\Growputer\build\/core_uno_16.a(Print.cpp.o)
__heap_end                                        c:/codeblocks/bin/../lib/gcc/avr/4.3.3/../../../../avr/lib/avr5/crtm328p.o
                                                  c:/codeblocks/bin/../lib/gcc/avr/4.3.3/../../../../avr/lib/avr5\libc.a(malloc.o)
__heap_start                                      c:/codeblocks/bin/../lib/gcc/avr/4.3.3/../../../../avr/lib/avr5\libc.a(malloc.o)
__init                                            c:/codeblocks/bin/../lib/gcc/avr/4.3.3/../../../../avr/lib/avr5/crtm328p.o
__lesf2                                           c:/codeblocks/bin/../lib/gcc/avr/4.3.3/../../../../avr/lib/avr5\libm.a(cmpsf2.o)
                                                  C:\Arduino\Growputer\build\/core_uno_16.a(Print.cpp.o)
__ltsf2                                           c:/codeblocks/bin/../lib/gcc/avr/4.3.3/../../../../avr/lib/avr5\libm.a(cmpsf2.o)
                                                  C:\Arduino\Growputer\build\/core_uno_16.a(Print.cpp.o)
__malloc_heap_end                                 c:/codeblocks/bin/../lib/gcc/avr/4.3.3/../../../../avr/lib/avr5\libc.a(malloc.o)
                                                  c:/codeblocks/bin/../lib/gcc/avr/4.3.3/../../../../avr/lib/avr5\libc.a(realloc.o)
__malloc_heap_start                               c:/codeblocks/bin/../lib/gcc/avr/4.3.3/../../../../avr/lib/avr5\libc.a(malloc.o)
__malloc_margin                                   c:/codeblocks/bin/../lib/gcc/avr/4.3.3/../../../../avr/lib/avr5\libc.a(malloc.o)
                                                  c:/codeblocks/bin/../lib/gcc/avr/4.3.3/../../../../avr/lib/avr5\libc.a(realloc.o)
__mulsf3                                          c:/codeblocks/bin/../lib/gcc/avr/4.3.3/../../../../avr/lib/avr5\libm.a(mulsf3.o)
                                                  C:\Arduino\Growputer\build\/core_uno_16.a(Print.cpp.o)
__mulsf3_pse                                      c:/codeblocks/bin/../lib/gcc/avr/4.3.3/../../../../avr/lib/avr5\libm.a(mulsf3x.o)
__mulsf3x                                         c:/codeblocks/bin/../lib/gcc/avr/4.3.3/../../../../avr/lib/avr5\libm.a(mulsf3x.o)
                                                  c:/codeblocks/bin/../lib/gcc/avr/4.3.3/../../../../avr/lib/avr5\libm.a(mulsf3.o)
__mulsi3                                          c:/codeblocks/bin/../lib/gcc/avr/4.3.3/avr5\libgcc.a(_mulsi3.o)
                                                  C:\Arduino\Growputer\build\/core_uno_16.a(Print.cpp.o)
__mulsi_const_10                                  c:/codeblocks/bin/../lib/gcc/avr/4.3.3/../../../../avr/lib/avr5\libc.a(mulsi10.o)
                                                  c:/codeblocks/bin/../lib/gcc/avr/4.3.3/../../../../avr/lib/avr5\libc.a(atol.o)
__nesf2                                           c:/codeblocks/bin/../lib/gcc/avr/4.3.3/../../../../avr/lib/avr5\libm.a(cmpsf2.o)
__prologue_saves__                                c:/codeblocks/bin/../lib/gcc/avr/4.3.3/avr5\libgcc.a(_prologue.o)
                                                  c:/codeblocks/bin/../lib/gcc/avr/4.3.3/../../../../avr/lib/avr5\libc.a(realloc.o)
__stack                                           c:/codeblocks/bin/../lib/gcc/avr/4.3.3/../../../../avr/lib/avr5/crtm328p.o
__subsf3                                          c:/codeblocks/bin/../lib/gcc/avr/4.3.3/../../../../avr/lib/avr5\libm.a(addsf3.o)
                                                  C:\Arduino\Growputer\build\/core_uno_16.a(Print.cpp.o)
__tablejump2__                                    c:/codeblocks/bin/../lib/gcc/avr/4.3.3/avr5\libgcc.a(_tablejump.o)
__tablejump__                                     c:/codeblocks/bin/../lib/gcc/avr/4.3.3/avr5\libgcc.a(_tablejump.o)
                                                  c:/codeblocks/bin/../lib/gcc/avr/4.3.3/avr5\libgcc.a(_ctors.o)
__udivmodhi4                                      c:/codeblocks/bin/../lib/gcc/avr/4.3.3/avr5\libgcc.a(_udivmodhi4.o)
                                                  c:/codeblocks/bin/../lib/gcc/avr/4.3.3/../../../../avr/lib/avr5\libc.a(utoa.o)
                                                  c:/codeblocks/bin/../lib/gcc/avr/4.3.3/../../../../avr/lib/avr5\libc.a(itoa.o)
__udivmodsi4                                      c:/codeblocks/bin/../lib/gcc/avr/4.3.3/avr5\libgcc.a(_udivmodsi4.o)
                                                  c:/codeblocks/bin/../lib/gcc/avr/4.3.3/../../../../avr/lib/avr5\libc.a(ultoa.o)
                                                  c:/codeblocks/bin/../lib/gcc/avr/4.3.3/../../../../avr/lib/avr5\libc.a(ltoa.o)
                                                  C:\Arduino\Growputer\build\/core_uno_16.a(Print.cpp.o)
                                                  C:\Arduino\Growputer\build\/core_uno_16.a(HardwareSerial.cpp.o)
__unordsf2                                        c:/codeblocks/bin/../lib/gcc/avr/4.3.3/../../../../avr/lib/avr5\libm.a(unordsf2.o)
                                                  C:\Arduino\Growputer\build\/core_uno_16.a(Print.cpp.o)
__vector_1                                        c:/codeblocks/bin/../lib/gcc/avr/4.3.3/../../../../avr/lib/avr5/crtm328p.o
__vector_10                                       c:/codeblocks/bin/../lib/gcc/avr/4.3.3/../../../../avr/lib/avr5/crtm328p.o
__vector_11                                       c:/codeblocks/bin/../lib/gcc/avr/4.3.3/../../../../avr/lib/avr5/crtm328p.o
__vector_12                                       c:/codeblocks/bin/../lib/gcc/avr/4.3.3/../../../../avr/lib/avr5/crtm328p.o
__vector_13                                       c:/codeblocks/bin/../lib/gcc/avr/4.3.3/../../../../avr/lib/avr5/crtm328p.o
__vector_14                                       c:/codeblocks/bin/../lib/gcc/avr/4.3.3/../../../../avr/lib/avr5/crtm328p.o
__vector_15                                       c:/codeblocks/bin/../lib/gcc/avr/4.3.3/../../../../avr/lib/avr5/crtm328p.o
__vector_16                                       C:\Arduino\Growputer\build\/core_uno_16.a(wiring.c.o)
                                                  c:/codeblocks/bin/../lib/gcc/avr/4.3.3/../../../../avr/lib/avr5/crtm328p.o
__vector_17                                       c:/codeblocks/bin/../lib/gcc/avr/4.3.3/../../../../avr/lib/avr5/crtm328p.o
__vector_18                                       C:\Arduino\Growputer\build\/core_uno_16.a(HardwareSerial.cpp.o)
                                                  c:/codeblocks/bin/../lib/gcc/avr/4.3.3/../../../../avr/lib/avr5/crtm328p.o
__vector_19                                       C:\Arduino\Growputer\build\/core_uno_16.a(HardwareSerial.cpp.o)
                                                  c:/codeblocks/bin/../lib/gcc/avr/4.3.3/../../../../avr/lib/avr5/crtm328p.o
__vector_2                                        c:/codeblocks/bin/../lib/gcc/avr/4.3.3/../../../../avr/lib/avr5/crtm328p.o
__vector_20                                       c:/codeblocks/bin/../lib/gcc/avr/4.3.3/../../../../avr/lib/avr5/crtm328p.o
__vector_21                                       c:/codeblocks/bin/../lib/gcc/avr/4.3.3/../../../../avr/lib/avr5/crtm328p.o
__vector_22                                       c:/codeblocks/bin/../lib/gcc/avr/4.3.3/../../../../avr/lib/avr5/crtm328p.o
__vector_23                                       c:/codeblocks/bin/../lib/gcc/avr/4.3.3/../../../../avr/lib/avr5/crtm328p.o
__vector_24                                       c:/codeblocks/bin/../lib/gcc/avr/4.3.3/../../../../avr/lib/avr5/crtm328p.o
__vector_25                                       c:/codeblocks/bin/../lib/gcc/avr/4.3.3/../../../../avr/lib/avr5/crtm328p.o
__vector_3                                        c:/codeblocks/bin/../lib/gcc/avr/4.3.3/../../../../avr/lib/avr5/crtm328p.o
__vector_4                                        c:/codeblocks/bin/../lib/gcc/avr/4.3.3/../../../../avr/lib/avr5/crtm328p.o
__vector_5                                        c:/codeblocks/bin/../lib/gcc/avr/4.3.3/../../../../avr/lib/avr5/crtm328p.o
__vector_6                                        c:/codeblocks/bin/../lib/gcc/avr/4.3.3/../../../../avr/lib/avr5/crtm328p.o
__vector_7                                        c:/codeblocks/bin/../lib/gcc/avr/4.3.3/../../../../avr/lib/avr5/crtm328p.o
__vector_8                                        c:/codeblocks/bin/../lib/gcc/avr/4.3.3/../../../../avr/lib/avr5/crtm328p.o
__vector_9                                        c:/codeblocks/bin/../lib/gcc/avr/4.3.3/../../../../avr/lib/avr5/crtm328p.o
__vector_default                                  c:/codeblocks/bin/../lib/gcc/avr/4.3.3/../../../../avr/lib/avr5/crtm328p.o
__vectors                                         c:/codeblocks/bin/../lib/gcc/avr/4.3.3/../../../../avr/lib/avr5/crtm328p.o
_exit                                             c:/codeblocks/bin/../lib/gcc/avr/4.3.3/avr5\libgcc.a(_exit.o)
atol                                              c:/codeblocks/bin/../lib/gcc/avr/4.3.3/../../../../avr/lib/avr5\libc.a(atol.o)
                                                  C:\Arduino\Growputer\build\/core_uno_16.a(WString.cpp.o)
delay                                             C:\Arduino\Growputer\build\/core_uno_16.a(wiring.c.o)
                                                  build\Growputer.o
delayMicroseconds                                 C:\Arduino\Growputer\build\/core_uno_16.a(wiring.c.o)
digitalRead                                       C:\Arduino\Growputer\build\/core_uno_16.a(wiring_digital.c.o)
digitalWrite                                      C:\Arduino\Growputer\build\/core_uno_16.a(wiring_digital.c.o)
                                                  build\Growputer.o
digital_pin_to_bit_mask_PGM                       C:\Arduino\Growputer\build\/core_uno_16.a(wiring_digital.c.o)
digital_pin_to_port_PGM                           C:\Arduino\Growputer\build\/core_uno_16.a(wiring_digital.c.o)
digital_pin_to_timer_PGM                          C:\Arduino\Growputer\build\/core_uno_16.a(wiring_digital.c.o)
exit                                              c:/codeblocks/bin/../lib/gcc/avr/4.3.3/avr5\libgcc.a(_exit.o)
                                                  c:/codeblocks/bin/../lib/gcc/avr/4.3.3/../../../../avr/lib/avr5/crtm328p.o
free                                              c:/codeblocks/bin/../lib/gcc/avr/4.3.3/../../../../avr/lib/avr5\libc.a(malloc.o)
                                                  c:/codeblocks/bin/../lib/gcc/avr/4.3.3/../../../../avr/lib/avr5\libc.a(realloc.o)
                                                  C:\Arduino\Growputer\build\/core_uno_16.a(WString.cpp.o)
                                                  C:\Arduino\Growputer\build\/core_uno_16.a(new.cpp.o)
init                                              C:\Arduino\Growputer\build\/core_uno_16.a(wiring.c.o)
                                                  C:\Arduino\Growputer\build\/core_uno_16.a(main.cpp.o)
isspace                                           c:/codeblocks/bin/../lib/gcc/avr/4.3.3/../../../../avr/lib/avr5\libc.a(isspace.o)
                                                  C:\Arduino\Growputer\build\/core_uno_16.a(WString.cpp.o)
itoa                                              c:/codeblocks/bin/../lib/gcc/avr/4.3.3/../../../../avr/lib/avr5\libc.a(itoa.o)
                                                  C:\Arduino\Growputer\build\/core_uno_16.a(WString.cpp.o)
loop                                              build\Growputer.o
                                                  C:\Arduino\Growputer\build\/core_uno_16.a(main.cpp.o)
ltoa                                              c:/codeblocks/bin/../lib/gcc/avr/4.3.3/../../../../avr/lib/avr5\libc.a(ltoa.o)
                                                  C:\Arduino\Growputer\build\/core_uno_16.a(WString.cpp.o)
main                                              C:\Arduino\Growputer\build\/core_uno_16.a(main.cpp.o)
                                                  c:/codeblocks/bin/../lib/gcc/avr/4.3.3/../../../../avr/lib/avr5/crtm328p.o
malloc                                            c:/codeblocks/bin/../lib/gcc/avr/4.3.3/../../../../avr/lib/avr5\libc.a(malloc.o)
                                                  c:/codeblocks/bin/../lib/gcc/avr/4.3.3/../../../../avr/lib/avr5\libc.a(realloc.o)
                                                  C:\Arduino\Growputer\build\/core_uno_16.a(new.cpp.o)
memcpy                                            c:/codeblocks/bin/../lib/gcc/avr/4.3.3/../../../../avr/lib/avr5\libc.a(memcpy.o)
                                                  c:/codeblocks/bin/../lib/gcc/avr/4.3.3/../../../../avr/lib/avr5\libc.a(memmove.o)
                                                  c:/codeblocks/bin/../lib/gcc/avr/4.3.3/../../../../avr/lib/avr5\libc.a(realloc.o)
                                                  C:\Arduino\Growputer\build\/core_uno_16.a(WString.cpp.o)
memmove                                           c:/codeblocks/bin/../lib/gcc/avr/4.3.3/../../../../avr/lib/avr5\libc.a(memmove.o)
                                                  C:\Arduino\Growputer\build\/core_uno_16.a(WString.cpp.o)
micros                                            C:\Arduino\Growputer\build\/core_uno_16.a(wiring.c.o)
millis                                            C:\Arduino\Growputer\build\/core_uno_16.a(wiring.c.o)
operator delete(void*)                            C:\Arduino\Growputer\build\/core_uno_16.a(new.cpp.o)
operator delete[](void*)                          C:\Arduino\Growputer\build\/core_uno_16.a(new.cpp.o)
operator new(unsigned int)                        C:\Arduino\Growputer\build\/core_uno_16.a(new.cpp.o)
operator new[](unsigned int)                      C:\Arduino\Growputer\build\/core_uno_16.a(new.cpp.o)
operator+(StringSumHelper const&, String const&)  C:\Arduino\Growputer\build\/core_uno_16.a(WString.cpp.o)
operator+(StringSumHelper const&, char const*)    C:\Arduino\Growputer\build\/core_uno_16.a(WString.cpp.o)
operator+(StringSumHelper const&, char)           C:\Arduino\Growputer\build\/core_uno_16.a(WString.cpp.o)
operator+(StringSumHelper const&, int)            C:\Arduino\Growputer\build\/core_uno_16.a(WString.cpp.o)
operator+(StringSumHelper const&, long)           C:\Arduino\Growputer\build\/core_uno_16.a(WString.cpp.o)
operator+(StringSumHelper const&, unsigned char)  C:\Arduino\Growputer\build\/core_uno_16.a(WString.cpp.o)
operator+(StringSumHelper const&, unsigned int)   C:\Arduino\Growputer\build\/core_uno_16.a(WString.cpp.o)
operator+(StringSumHelper const&, unsigned long)  C:\Arduino\Growputer\build\/core_uno_16.a(WString.cpp.o)
pinMode                                           C:\Arduino\Growputer\build\/core_uno_16.a(wiring_digital.c.o)
                                                  build\Growputer.o
port_to_input_PGM                                 C:\Arduino\Growputer\build\/core_uno_16.a(wiring_digital.c.o)
port_to_mode_PGM                                  C:\Arduino\Growputer\build\/core_uno_16.a(wiring_digital.c.o)
port_to_output_PGM                                C:\Arduino\Growputer\build\/core_uno_16.a(wiring_digital.c.o)
realloc                                           c:/codeblocks/bin/../lib/gcc/avr/4.3.3/../../../../avr/lib/avr5\libc.a(realloc.o)
                                                  C:\Arduino\Growputer\build\/core_uno_16.a(WString.cpp.o)
rx_buffer                                         C:\Arduino\Growputer\build\/core_uno_16.a(HardwareSerial.cpp.o)
serialEvent()                                     C:\Arduino\Growputer\build\/core_uno_16.a(HardwareSerial.cpp.o)
serialEventRun()                                  C:\Arduino\Growputer\build\/core_uno_16.a(HardwareSerial.cpp.o)
                                                  C:\Arduino\Growputer\build\/core_uno_16.a(main.cpp.o)
setup                                             build\Growputer.o
                                                  C:\Arduino\Growputer\build\/core_uno_16.a(main.cpp.o)
strchr                                            c:/codeblocks/bin/../lib/gcc/avr/4.3.3/../../../../avr/lib/avr5\libc.a(strchr.o)
                                                  C:\Arduino\Growputer\build\/core_uno_16.a(WString.cpp.o)
strcmp                                            c:/codeblocks/bin/../lib/gcc/avr/4.3.3/../../../../avr/lib/avr5\libc.a(strcmp.o)
                                                  C:\Arduino\Growputer\build\/core_uno_16.a(WString.cpp.o)
strcpy                                            c:/codeblocks/bin/../lib/gcc/avr/4.3.3/../../../../avr/lib/avr5\libc.a(strcpy.o)
                                                  C:\Arduino\Growputer\build\/core_uno_16.a(WString.cpp.o)
strncmp                                           c:/codeblocks/bin/../lib/gcc/avr/4.3.3/../../../../avr/lib/avr5\libc.a(strncmp.o)
                                                  C:\Arduino\Growputer\build\/core_uno_16.a(WString.cpp.o)
strncpy                                           c:/codeblocks/bin/../lib/gcc/avr/4.3.3/../../../../avr/lib/avr5\libc.a(strncpy.o)
                                                  C:\Arduino\Growputer\build\/core_uno_16.a(WString.cpp.o)
strrchr                                           c:/codeblocks/bin/../lib/gcc/avr/4.3.3/../../../../avr/lib/avr5\libc.a(strrchr.o)
                                                  C:\Arduino\Growputer\build\/core_uno_16.a(WString.cpp.o)
strrev                                            c:/codeblocks/bin/../lib/gcc/avr/4.3.3/../../../../avr/lib/avr5\libc.a(strrev.o)
                                                  c:/codeblocks/bin/../lib/gcc/avr/4.3.3/../../../../avr/lib/avr5\libc.a(utoa.o)
                                                  c:/codeblocks/bin/../lib/gcc/avr/4.3.3/../../../../avr/lib/avr5\libc.a(ultoa.o)
                                                  c:/codeblocks/bin/../lib/gcc/avr/4.3.3/../../../../avr/lib/avr5\libc.a(ltoa.o)
                                                  c:/codeblocks/bin/../lib/gcc/avr/4.3.3/../../../../avr/lib/avr5\libc.a(itoa.o)
strstr                                            c:/codeblocks/bin/../lib/gcc/avr/4.3.3/../../../../avr/lib/avr5\libc.a(strstr.o)
                                                  C:\Arduino\Growputer\build\/core_uno_16.a(WString.cpp.o)
timer0_millis                                     C:\Arduino\Growputer\build\/core_uno_16.a(wiring.c.o)
timer0_overflow_count                             C:\Arduino\Growputer\build\/core_uno_16.a(wiring.c.o)
tolower                                           c:/codeblocks/bin/../lib/gcc/avr/4.3.3/../../../../avr/lib/avr5\libc.a(tolower.o)
                                                  C:\Arduino\Growputer\build\/core_uno_16.a(WString.cpp.o)
toupper                                           c:/codeblocks/bin/../lib/gcc/avr/4.3.3/../../../../avr/lib/avr5\libc.a(toupper.o)
                                                  C:\Arduino\Growputer\build\/core_uno_16.a(WString.cpp.o)
tx_buffer                                         C:\Arduino\Growputer\build\/core_uno_16.a(HardwareSerial.cpp.o)
ultoa                                             c:/codeblocks/bin/../lib/gcc/avr/4.3.3/../../../../avr/lib/avr5\libc.a(ultoa.o)
                                                  C:\Arduino\Growputer\build\/core_uno_16.a(WString.cpp.o)
utoa                                              c:/codeblocks/bin/../lib/gcc/avr/4.3.3/../../../../avr/lib/avr5\libc.a(utoa.o)
                                                  C:\Arduino\Growputer\build\/core_uno_16.a(WString.cpp.o)
vtable for HardwareSerial                         C:\Arduino\Growputer\build\/core_uno_16.a(HardwareSerial.cpp.o)
vtable for Print                                  C:\Arduino\Growputer\build\/core_uno_16.a(Print.cpp.o)
vtable for Stream                                 C:\Arduino\Growputer\build\/core_uno_16.a(HardwareSerial.cpp.o)
